INFO     eawag.datapool  connected to db sqlite+pysqlite:///<tmpdir_from_fixture>/datapool.db
INFO     eawag.datapool  dispatch: new_file.txt
INFO     eawag.datapool  message: ignore file new_file.txt
