INFO     eawag.datapool  connected to db sqlite+pysqlite:///<tmpdir_from_fixture>/datapool.db
INFO     eawag.datapool  dispatch: data/invalid_name.yaml
INFO     eawag.datapool  message: delay of dispatching data/invalid_name.yaml: <TIME> msec
INFO     eawag.datapool  message: don't know how to handle data/invalid_name.yaml
