INFO     eawag.datapool  connected to db sqlite+pysqlite:///<tmpdir_from_fixture>/datapool.db
INFO     eawag.datapool  dispatch: data/FloDar/FloDar_python/raw_data/data-001.raw
INFO     eawag.datapool  message: delay of dispatching data/FloDar/FloDar_python/raw_data/data-<TIME>.raw: <TIME> msec
INFO     eawag.datapool  message: multiple conversion scripts found for data/FloDar/FloDar_python/raw_data/data-001.raw
